
 RUN  v1.6.1 C:/Users/bahad/workspace/2026/Aura

 Γ£ô archive/legacy_v1/tests/agent_manager.test.ts > useAgentManager > should initialize with optional initial message
 ├ù archive/legacy_v1/tests/agent_manager.test.ts > useAgentManager > should add user message and process response
   ΓåÆ expected [ ΓÇª(3) ] to have a length of 2 but got 3
 Γ£ô archive/legacy_v1/components/aurs/__tests__/TasksAUR.test.tsx > TasksAUR > renders task list
 Γ£ô archive/legacy_v1/components/aurs/__tests__/TasksAUR.test.tsx > TasksAUR > calls onToggle when a task is clicked
 Γ£ô archive/legacy_v1/components/aurs/__tests__/TasksAUR.test.tsx > TasksAUR > shows checkmark for completed tasks
 Γ£ô src/atmosphere/characters/tests/view.test.tsx > CharactersAIR View > renders with title
 Γ£ô src/atmosphere/characters/tests/view.test.tsx > CharactersAIR View > renders characters
 Γ£ô archive/legacy_v1/components/aurs/__tests__/BrainstormAUR.test.tsx > BrainstormAUR > renders chat messages
 Γ£ô archive/legacy_v1/components/aurs/__tests__/BrainstormAUR.test.tsx > BrainstormAUR > calls onSend when send button is clicked with manual input
 Γ£ô archive/legacy_v1/components/aurs/__tests__/BrainstormAUR.test.tsx > BrainstormAUR > shows typing indicator when isTyping is true
stdout | Registry.register (C:\Users\bahad\workspace\2026\Aura\archive\legacy_v1\registry.ts:36:17)
[Aura Registry] Registered: brainstorm
[Aura Registry] Registered: image
[Aura Registry] Registered: search
[Aura Registry] Registered: info
[Aura Registry] Registered: summary
[Aura Registry] Registered: list
[Aura Registry] Registered: tasks
[Aura Registry] Registered: notes
[Aura Registry] Registered: video
[Aura Registry] Registered: master

 Γ£ô archive/legacy_v1/components/__tests__/AURManager.test.tsx > AURManager > renders components from registry based on active AURs
 Γ£ô archive/legacy_v1/components/__tests__/AURManager.test.tsx > AURManager > renders tray items and handles minimized state
 Γ£ô src/atmosphere/youtube-player/tests/view.test.tsx > YoutubePlayerAIR View > renders iframe when videoId provided
 ├ù src/atmosphere/youtube-player/tests/view.test.tsx > YoutubePlayerAIR View > renders error when no videoId
   ΓåÆ Unable to find an element with the text: /No Video ID/i. This could be because the text is broken up by multiple elements. In this case, you can provide a function for your text matcher to make your matcher more flexible.

Ignored nodes: comments, script, style
[36m<body>[39m
  [36m<div>[39m
    [36m<div[39m
      [33mclass[39m=[32m"_screenContent_83b6e1"[39m
      [33mstyle[39m=[32m"padding: 20px; background: rgb(0, 0, 0); color: rgb(255, 255, 255); height: 100%; display: flex; align-items: center; justify-content: center;"[39m
    [36m>[39m
      [0mNo Video loaded. Ask to play something.[0m
    [36m</div>[39m
  [36m</div>[39m
[36m</body>[39m
 Γ£ô src/atmosphere/note-taker/tests/view.test.tsx > NoteTakerAIR View > renders textarea with value
 Γ£ô src/atmosphere/note-taker/tests/view.test.tsx > NoteTakerAIR View > updates value on change
 Γ£ô src/atmosphere/tasks/tests/view.test.tsx > TasksAIR View > renders tasks
 Γ£ô src/atmosphere/tasks/tests/view.test.tsx > TasksAIR View > handles toggle
 Γ£ô src/atmosphere/image/tests/view.test.tsx > ImageAIR View > renders image
 Γ£ô src/atmosphere/image/tests/view.test.tsx > ImageAIR View > renders title if provided

 Test Files  4 failed | 7 passed (11)
      Tests  2 failed | 18 passed (20)
   Start at  17:37:00
   Duration  11.43s (transform 6.20s, setup 4.01s, collect 11.15s, tests 1.22s, environment 33.83s, prepare 5.13s)

